// Vitest Snapshot v1, https://vitest.dev/guide/snapshot.html

exports[`token refactor moves nothing > classic glyph positions are unchanged 1`] = `
[
  "Idan Arbel@254.6,786.8",
  "Architect@275.6,770.0",
  "idan@example.com@257.3,755.1",
  "Summary@36.0,714.1",
  "Data Solutions Architect and GenAI platform developer.@36.0,692.9",
  "Work Experience@36.0,665.0",
  "SAS Israel@36.0,642.9",
  "07/2022 -@486.5,642.7",
  "Present@528.4,642.7",
  "Data Solutions Architect@36.0,628.7",
  "•@49.5,614.1",
  "Prevented fraud@58.5,614.1",
  "•@49.5,601.6",
  "Cut false positives 20%@58.5,601.6",
  "Education@36.0,565.2",
  "Technion@36.0,543.1",
  "12/2025@525.0,542.9",
  "Certificate in Generative AI@36.0,528.9",
  "Skills@36.0,495.0",
  "Data@36.0,473.8",
  "SQL, MongoDB@145.5,473.8",
  "Projects@36.0,443.3",
  "CV Builder@36.0,421.1",
  "Resume tooling.@36.0,407.4",
  "•@49.5,395.9",
  "Shipped exports@58.5,395.9",
  "TypeScript@36.0,381.4",
]
`;

exports[`token refactor moves nothing > executive glyph positions are unchanged 1`] = `
[
  "Idan Arbel@36.0,784.9",
  "Architect@36.0,768.4",
  "idan@example.com@36.0,738.7",
  "Data Solutions Architect and GenAI platform developer.@36.0,716.6",
  "W O R K E X P E R I E N C E@36.0,690.1",
  "SAS Israel@36.0,669.1",
  "07/2022 -@486.5,668.9",
  "Present@528.4,668.9",
  "Data Solutions Architect@36.0,654.9",
  "•@49.5,640.3",
  "Prevented fraud@58.5,640.3",
  "•@49.5,627.8",
  "Cut false positives 20%@58.5,627.8",
  "E D U C AT I O N@36.0,592.9",
  "Technion@36.0,571.9",
  "12/2025@525.0,571.7",
  "Certificate in Generative AI@36.0,557.7",
  "S K I L L S@36.0,525.2",
  "Data@36.0,505.1",
  "SQL, MongoDB@145.5,505.1",
  "P R O J E C T S@36.0,476.0",
  "CV Builder@36.0,455.0",
  "Resume tooling.@36.0,441.3",
  "•@49.5,429.8",
  "Shipped exports@58.5,429.8",
  "TypeScript@36.0,415.3",
]
`;

exports[`token refactor moves nothing > minimal glyph positions are unchanged 1`] = `
[
  "Idan Arbel@252.3,784.9",
  "Architect@277.5,767.9",
  "idan@example.com@257.3,753.2",
  "Data Solutions Architect and GenAI platform developer.@36.0,725.5",
  "W O R K E X P E R I E N C E@36.0,687.0",
  "SAS Israel@36.0,668.6",
  "07/2022 -@486.5,668.4",
  "Present@528.4,668.4",
  "Data Solutions Architect@36.0,654.4",
  "•@49.5,639.8",
  "Prevented fraud@58.5,639.8",
  "•@49.5,627.3",
  "Cut false positives 20%@58.5,627.3",
  "E D U C AT I O N@36.0,592.3",
  "Technion@36.0,573.8",
  "12/2025@525.0,573.6",
  "Certificate in Generative AI@36.0,559.7",
  "S K I L L S@36.0,527.1",
  "Data@36.0,509.6",
  "SQL, MongoDB@145.5,509.6",
  "P R O J E C T S@36.0,480.4",
  "CV Builder@36.0,462.0",
  "Resume tooling.@36.0,448.3",
  "•@49.5,436.8",
  "Shipped exports@58.5,436.8",
  "TypeScript@36.0,422.3",
]
`;

exports[`token refactor moves nothing > modern glyph positions are unchanged 1`] = `
[
  "Idan Arbel@36.0,784.9",
  "Architect@36.0,767.7",
  "idan@example.com@36.0,752.8",
  "Data Solutions Architect and GenAI platform developer.@36.0,677.1",
  "WORK EXPERIENCE@36.0,642.7",
  "SAS Israel@36.0,623.9",
  "07/2022 -@486.5,623.7",
  "Present@528.4,623.7",
  "Data Solutions Architect@36.0,609.7",
  "•@49.5,595.1",
  "Prevented fraud@58.5,595.1",
  "•@49.5,582.6",
  "Cut false positives 20%@58.5,582.6",
  "EDUCATION@36.0,548.7",
  "Technion@36.0,529.8",
  "12/2025@525.0,529.6",
  "Certificate in Generative AI@36.0,515.7",
  "SKILLS@36.0,484.2",
  "Data@36.0,466.3",
  "SQL, MongoDB@145.5,466.3",
  "PROJECTS@36.0,438.2",
  "CV Builder@36.0,419.4",
  "Resume tooling.@36.0,405.7",
  "•@49.5,394.2",
  "Shipped exports@58.5,394.2",
  "TypeScript@36.0,379.7",
]
`;

exports[`token refactor moves nothing > sidebar glyph positions are unchanged 1`] = `
[
  "Idan Arbel@36.0,788.8",
  "Architect@36.0,773.8",
  "idan@example.com@36.0,753.2",
  "SKILLS@36.0,718.8",
  "Data@36.0,698.7",
  "SQL, MongoDB@36.0,687.2",
  "Data Solutions Architect and GenAI platform developer.@232.4,796.4",
  "WORK EXPERIENCE@232.4,766.5",
  "SAS Israel@232.4,744.6",
  "07/2022 -@486.5,744.4",
  "Present@528.4,744.4",
  "Data Solutions Architect@232.4,730.4",
  "•@245.9,715.8",
  "Prevented fraud@254.9,715.8",
  "•@245.9,703.3",
  "Cut false positives 20%@254.9,703.3",
  "EDUCATION@232.4,669.4",
  "Technion@232.4,647.6",
  "12/2025@525.0,647.4",
  "Certificate in Generative AI@232.4,633.4",
  "PROJECTS@232.4,601.9",
  "CV Builder@232.4,580.1",
  "Resume tooling.@232.4,566.4",
  "•@245.9,554.9",
  "Shipped exports@254.9,554.9",
  "TypeScript@232.4,540.4",
]
`;
