// Vitest Snapshot v1, https://vitest.dev/guide/snapshot.html

exports[`token refactor moves nothing > classic glyph positions are unchanged 1`] = `
[
  "Idan Arbel@254.6,786.8",
  "Architect@275.6,770.0",
  "idan@example.com@257.3,755.1",
  "Summary@36.0,714.1",
  "Data Solutions Architect and GenAI platform developer.@36.0,692.9",
  "Work Experience@36.0,665.0",
  "SAS Israel@36.0,642.9",
  "Data Solutions Architect@36.0,628.7",
  "07/2022@525.0,628.6",
  "•@49.5,612.1",
  "Prevented fraud@58.5,612.1",
  "•@49.5,599.6",
  "Cut false positives 20%@58.5,599.6",
  "Education@36.0,563.2",
  "Technion@36.0,541.1",
  "Certificate in Generative AI@36.0,526.9",
  "12/2025@525.0,526.8",
  "Skills@36.0,491.0",
  "Data@36.0,469.8",
  "SQL, MongoDB@145.5,469.8",
  "Projects@36.0,439.3",
  "CV Builder@36.0,417.1",
  "Resume tooling.@36.0,403.4",
  "•@49.5,391.9",
  "Shipped exports@58.5,391.9",
  "TypeScript@36.0,377.4",
]
`;

exports[`token refactor moves nothing > executive glyph positions are unchanged 1`] = `
[
  "Idan Arbel@36.0,784.9",
  "Architect@36.0,768.4",
  "idan@example.com@36.0,738.7",
  "Data Solutions Architect and GenAI platform developer.@36.0,716.6",
  "W O R K E X P E R I E N C E@36.0,690.1",
  "SAS Israel@36.0,669.1",
  "Data Solutions Architect@36.0,654.9",
  "07/2022@525.0,654.8",
  "•@49.5,638.3",
  "Prevented fraud@58.5,638.3",
  "•@49.5,625.8",
  "Cut false positives 20%@58.5,625.8",
  "E D U C AT I O N@36.0,590.9",
  "Technion@36.0,569.9",
  "Certificate in Generative AI@36.0,555.7",
  "12/2025@525.0,555.6",
  "S K I L L S@36.0,521.2",
  "Data@36.0,501.1",
  "SQL, MongoDB@145.5,501.1",
  "P R O J E C T S@36.0,472.0",
  "CV Builder@36.0,451.0",
  "Resume tooling.@36.0,437.3",
  "•@49.5,425.8",
  "Shipped exports@58.5,425.8",
  "TypeScript@36.0,411.3",
]
`;

exports[`token refactor moves nothing > minimal glyph positions are unchanged 1`] = `
[
  "Idan Arbel@252.3,784.9",
  "Architect@277.5,767.9",
  "idan@example.com@257.3,753.2",
  "Data Solutions Architect and GenAI platform developer.@36.0,725.5",
  "W O R K E X P E R I E N C E@36.0,687.0",
  "SAS Israel@36.0,668.6",
  "Data Solutions Architect@36.0,654.4",
  "07/2022@525.0,654.3",
  "•@49.5,637.8",
  "Prevented fraud@58.5,637.8",
  "•@49.5,625.3",
  "Cut false positives 20%@58.5,625.3",
  "E D U C AT I O N@36.0,590.3",
  "Technion@36.0,571.8",
  "Certificate in Generative AI@36.0,557.7",
  "12/2025@525.0,557.6",
  "S K I L L S@36.0,523.1",
  "Data@36.0,505.6",
  "SQL, MongoDB@145.5,505.6",
  "P R O J E C T S@36.0,476.4",
  "CV Builder@36.0,458.0",
  "Resume tooling.@36.0,444.3",
  "•@49.5,432.8",
  "Shipped exports@58.5,432.8",
  "TypeScript@36.0,418.3",
]
`;

exports[`token refactor moves nothing > modern glyph positions are unchanged 1`] = `
[
  "Idan Arbel@36.0,784.9",
  "Architect@36.0,767.7",
  "idan@example.com@36.0,752.8",
  "Data Solutions Architect and GenAI platform developer.@36.0,677.1",
  "WORK EXPERIENCE@36.0,642.7",
  "SAS Israel@36.0,623.9",
  "Data Solutions Architect@36.0,609.7",
  "07/2022@525.0,609.6",
  "•@49.5,593.1",
  "Prevented fraud@58.5,593.1",
  "•@49.5,580.6",
  "Cut false positives 20%@58.5,580.6",
  "EDUCATION@36.0,546.7",
  "Technion@36.0,527.8",
  "Certificate in Generative AI@36.0,513.7",
  "12/2025@525.0,513.6",
  "SKILLS@36.0,480.2",
  "Data@36.0,462.3",
  "SQL, MongoDB@145.5,462.3",
  "PROJECTS@36.0,434.2",
  "CV Builder@36.0,415.4",
  "Resume tooling.@36.0,401.7",
  "•@49.5,390.2",
  "Shipped exports@58.5,390.2",
  "TypeScript@36.0,375.7",
]
`;

exports[`token refactor moves nothing > sidebar glyph positions are unchanged 1`] = `
[
  "Idan Arbel@36.0,788.8",
  "Architect@36.0,773.8",
  "idan@example.com@36.0,753.2",
  "SKILLS@36.0,718.8",
  "Data@36.0,698.7",
  "SQL, MongoDB@36.0,687.2",
  "Data Solutions Architect and GenAI platform developer.@232.4,796.4",
  "WORK EXPERIENCE@232.4,766.5",
  "SAS Israel@232.4,744.6",
  "Data Solutions Architect@232.4,730.4",
  "07/2022@525.0,730.3",
  "•@245.9,713.8",
  "Prevented fraud@254.9,713.8",
  "•@245.9,701.3",
  "Cut false positives 20%@254.9,701.3",
  "EDUCATION@232.4,667.4",
  "Technion@232.4,645.6",
  "Certificate in Generative AI@232.4,631.4",
  "12/2025@525.0,631.3",
  "PROJECTS@232.4,597.9",
  "CV Builder@232.4,576.1",
  "Resume tooling.@232.4,562.4",
  "•@245.9,550.9",
  "Shipped exports@254.9,550.9",
  "TypeScript@232.4,536.4",
]
`;
